#!/bin/sh
#
# (c) 2026, Roberto A. Foglietta <roberto.foglietta@gmail.com>, MIT license
#

exec 3>/dev/null

getvarval() {
  grep "$1" $MUSLCFGMAK | cut -d# -f1 | tr -dc 0-9. | tail -n1;
}
getnstime() { date +%s%N; }
elapsedns() { echo $((  $(getnstime) - $1 )); }
elapsedus() { echo $(( ($(elapsedns    $1) + 500) / 1000 )); }
elapsedms() { echo $(( ($(elapsedus    $1) + 500) / 1000 )); }
elapsedtm() { echo $(( ($(elapsedms    $1) + 500) / 1000 )); }

export MUSLCFGMAK=cnfg/musl-125x.config.mak

export  ARCH=x86_64 KERNVER=$(getvarval LINUX_VER)

path="musl/output"
kmod="uchaos_dev.ko"
bcfg=$(ls -1 cnfg/busybox-*.config | tail -n1)
kver=$(echo $KERNVER | tr -dc 0-9 | head -c3)x
kdir="musl/linux-$KERNVER.orig"
export PATH=$PWD/$path/bin:$PWD/$path/$ARCH/bin:$PATH
export CCPREFIX=x86_64-linux-musl- HOSTCC=gcc
unset path

# //////////////////////////////////////////////////////////////////////////////

start=$(getnstime)
git submodule update --init --recursive
dlcmd=$(grep -e DL_CMD musl/config.mak | cut -d# -f1 | cut -d= -f2)
url="https://raw.githubusercontent.com/robang74/bare-minimal-linux-system"
trg="refs/heads/main"
$dlcmd gzcmd.sh $url/$trg/gzcmd.sh
sh gzcmd.sh gzcmd
echo "updating and download time: "$(elapsedtm start)s

# //////////////////////////////////////////////////////////////////////////////

start=$(getnstime)
test -r musl/config.mak || cp $MUSLCFGMAK musl/config.mak
cp -arf cnfg/hashes musl/
make -j$(nproc) install -C musl
echo "musl building elapsed time: "$(elapsedtm start)s

# //////////////////////////////////////////////////////////////////////////////

start=$(getnstime)
lnxpath=kdev/linux-kernel
ln -sf ../$kdir $lnxpath
cp -f cnfg/linux-$kver.config $lnxpath/.config
make -j8 HOSTCC=gcc ARCH=x86_64 -C $lnxpath syncconfig
make -j8 HOSTCC=gcc ARCH=x86_64 -C $lnxpath
echo "linux kernel building time: "$(elapsedtm start)s

# //////////////////////////////////////////////////////////////////////////////

start=$(getnstime)
test -r bbox/.config || cp $bcfg bbox/.config
make -j8 HOSTCC=gcc ARCH=x86_64 -C bbox oldconfig
make -j8 HOSTCC=gcc ARCH=x86_64 -C bbox
echo "busybox custom making time: "$(elapsedtm start)s

# //////////////////////////////////////////////////////////////////////////////

start=$(getnstime)
cd minz
sh amalgamate.sh
cd -
make dist -C kdev
make -j$(nproc) -C usrl
echo "uchaos proj compiling time: "$(elapsedtm start)s

# //////////////////////////////////////////////////////////////////////////////

start=$(getnstime)
make -j8 -C prnd/ CCSYSROOT="-static -mavx2" RNG_test
echo "RNG_test static build time: "$(elapsedtm start)s

# //////////////////////////////////////////////////////////////////////////////

unset start

cp -f $kdir/arch/$ARCH/boot/bzImage qemu/

chmod +x               cpio/init

mkdir -p               cpio/tmp/
mkdir -p               cpio/var/log/
mkdir -p               cpio/lib/modules/
mkdir -p               cpio/usr/bin/

cp -f  kdev/$kmod.gz   cpio/lib/modules/$kmod
cp -f  usrl/uchaosbox  cpio/usr/bin/
cp -f  bbox/busybox    cpio/usr/bin/

ln -sf bin             cpio/usr/sbin
ln -sf bin/busybox     cpio/linuxrc
ln -sf usr/sbin        cpio/sbin
ln -sf usr/bin         cpio/bin
ln -sf busybox         cpio/bin/sh

